============================= test session starts =============================
platform win32 -- Python 3.11.9, pytest-9.0.2, pluggy-1.6.0 -- C:\Users\tiger\AppData\Local\Programs\Python\Python311\python.exe
cachedir: .pytest_cache
rootdir: F:\AIML projects\tiger-cafe
configfile: pyproject.toml
plugins: anyio-4.12.0, asyncio-1.3.0, base-url-2.1.0, playwright-0.7.2
asyncio: mode=Mode.STRICT, debug=False, asyncio_default_fixture_loop_scope=None, asyncio_default_test_loop_scope=function
collecting ... collected 1 item

tests/test_extraction_orchestrator.py::test_run_full_extraction_pipeline_orchestration FAILED [100%]

================================== FAILURES ===================================
_______________ test_run_full_extraction_pipeline_orchestration _______________

db_session = <sqlalchemy.orm.session.Session object at 0x00000152B830BCD0>
test_document = <app.models.document.Document object at 0x00000152B99CD950>

    @pytest.mark.asyncio
    async def test_run_full_extraction_pipeline_orchestration(db_session, test_document):
        """Test that the full extraction pipeline calls all extraction tasks."""
        mock_bs_data = {
            "line_items": [],
            "is_valid": True,
            "validation_errors": [],
            "currency": "USD",
            "unit": "millions"
        }
    
        mock_is_data = {
            "line_items": [],
            "is_valid": True,
            "validation_errors": [],
            "currency": "USD",
            "unit": "millions"
        }
    
        with patch("agents.balance_sheet_extractor.extract_balance_sheet", return_value=mock_bs_data), \
             patch("agents.income_statement_extractor.extract_income_statement", return_value=mock_is_data), \
             patch("agents.shares_outstanding_extractor.extract_shares_outstanding", return_value={}), \
             patch("agents.organic_growth_extractor.extract_organic_growth", return_value={}), \
             patch("agents.non_operating_classifier.classify_non_operating_items", return_value={}):
    
>           await run_full_extraction_pipeline(test_document.id, db_session)

tests\test_extraction_orchestrator.py:221: 
_ _ _ _ _ _ _ _ _ _ _ _ _ _ _ _ _ _ _ _ _ _ _ _ _ _ _ _ _ _ _ _ _ _ _ _ _ _ _ _

document_id = '21ac0af0-5a1a-4294-9bcb-ccfab57c7d49'
db = <sqlalchemy.orm.session.Session object at 0x00000152B830BCD0>

    async def run_full_extraction_pipeline(document_id: str, db: Session) -> None:
        """
        Runs Phases 2-3 sequentially (Balance Sheet \u2192 Income Statement \u2192 Additional Items \u2192 Classification).
    
        Args:
            document_id: The ID of the document to process
            db: Database session
        """
        # Import inside function to avoid circular imports
        from app.database import SessionLocal
    
        # Create a new session for background task
        db_session = SessionLocal()
    
        try:
            # Get document to extract company_id
            document = db_session.query(Document).filter(Document.id == document_id).first()
            if not document:
>               raise ValueError(f"Document {document_id} not found")
E               ValueError: Document 21ac0af0-5a1a-4294-9bcb-ccfab57c7d49 not found

app\services\extraction_orchestrator.py:954: ValueError
---------------------------- Captured stdout call -----------------------------
[income_statement] Extraction pipeline failed: Document 21ac0af0-5a1a-4294-9bcb-ccfab57c7d49 not found
=========================== short test summary info ===========================
FAILED tests/test_extraction_orchestrator.py::test_run_full_extraction_pipeline_orchestration
============================== 1 failed in 6.26s ==============================
